// Jest Snapshot v1, https://goo.gl/fbAQLP

exports[`renders AuthenticationScreen component correctly 1`] = `
<View
  style={
    [
      {
        "alignItems": "center",
        "backgroundColor": "#FFFFFF",
        "flex": 1,
        "justifyContent": "space-between",
      },
      {
        "paddingBottom": 100,
        "paddingTop": 100,
      },
    ]
  }
>
  <View
    style={
      {
        "alignItems": "center",
        "flex": 1,
        "flexDirection": "column",
      }
    }
  >
    <View
      style={
        {
          "width": "80%",
        }
      }
    >
      <Text
        style={
          {
            "fontSize": 55,
            "fontWeight": "bold",
          }
        }
      >
        Bored?
      </Text>
      <Text
        style={
          {
            "color": "#7845AC",
            "fontSize": 55,
            "fontWeight": "bold",
          }
        }
      >
        DeBored
      </Text>
    </View>
    <Text
      style={
        {
          "fontSize": 18,
        }
      }
    >
      Fight boredom. Make friends.
    </Text>
  </View>
  <View>
    <View
      collapsable={false}
      style={
        {
          "backgroundColor": "rgba(103, 80, 164, 1)",
          "borderRadius": 10,
          "marginBottom": 10,
          "shadowColor": "#000",
          "shadowOffset": {
            "height": 0,
            "width": 0,
          },
          "shadowOpacity": 0,
          "shadowRadius": 0,
        }
      }
      testID="button-container-outer-layer"
    >
      <View
        collapsable={false}
        style={
          {
            "backgroundColor": "rgba(103, 80, 164, 1)",
            "borderColor": "transparent",
            "borderRadius": 10,
            "borderStyle": "solid",
            "borderWidth": 0,
            "flex": undefined,
            "minWidth": 64,
            "shadowColor": "#000",
            "shadowOffset": {
              "height": 0,
              "width": 0,
            },
            "shadowOpacity": 0,
            "shadowRadius": 0,
          }
        }
        testID="button-container"
      >
        <View
          accessibilityRole="button"
          accessibilityState={
            {
              "busy": undefined,
              "checked": undefined,
              "disabled": false,
              "expanded": undefined,
              "selected": undefined,
            }
          }
          accessibilityValue={
            {
              "max": undefined,
              "min": undefined,
              "now": undefined,
              "text": undefined,
            }
          }
          accessible={true}
          collapsable={false}
          focusable={true}
          onBlur={[Function]}
          onClick={[Function]}
          onFocus={[Function]}
          onResponderGrant={[Function]}
          onResponderMove={[Function]}
          onResponderRelease={[Function]}
          onResponderTerminate={[Function]}
          onResponderTerminationRequest={[Function]}
          onStartShouldSetResponder={[Function]}
          style={
            [
              {
                "overflow": "hidden",
              },
              {
                "borderRadius": 10,
              },
            ]
          }
          testID="button"
        >
          <View
            style={
              [
                {
                  "alignItems": "center",
                  "flexDirection": "row",
                  "justifyContent": "center",
                },
                {
                  "paddingVertical": 10,
                  "width": 350,
                },
              ]
            }
          >
            <Text
              numberOfLines={1}
              selectable={false}
              style={
                [
                  {
                    "textAlign": "left",
                  },
                  {
                    "color": "rgba(28, 27, 31, 1)",
                    "writingDirection": "ltr",
                  },
                  [
                    {
                      "fontFamily": "System",
                      "fontSize": 14,
                      "fontWeight": "500",
                      "letterSpacing": 0.1,
                      "lineHeight": 20,
                    },
                    [
                      {
                        "marginHorizontal": 16,
                        "marginVertical": 9,
                        "textAlign": "center",
                      },
                      false,
                      {
                        "marginHorizontal": 24,
                        "marginVertical": 10,
                      },
                      undefined,
                      false,
                      {
                        "color": "rgba(255, 255, 255, 1)",
                        "fontFamily": "System",
                        "fontSize": 14,
                        "fontWeight": "500",
                        "letterSpacing": 0.1,
                        "lineHeight": 20,
                      },
                      {
                        "fontSize": 18,
                      },
                    ],
                  ],
                ]
              }
              testID="button-text"
            >
              Login
            </Text>
          </View>
        </View>
      </View>
    </View>
    <View
      collapsable={false}
      style={
        {
          "backgroundColor": "rgba(232, 222, 248, 1)",
          "borderRadius": 10,
          "marginBottom": 10,
          "shadowColor": "#000",
          "shadowOffset": {
            "height": 0,
            "width": 0,
          },
          "shadowOpacity": 0,
          "shadowRadius": 0,
        }
      }
      testID="button-container-outer-layer"
    >
      <View
        collapsable={false}
        style={
          {
            "backgroundColor": "rgba(232, 222, 248, 1)",
            "borderColor": "transparent",
            "borderRadius": 10,
            "borderStyle": "solid",
            "borderWidth": 0,
            "flex": undefined,
            "minWidth": 64,
            "shadowColor": "#000",
            "shadowOffset": {
              "height": 0,
              "width": 0,
            },
            "shadowOpacity": 0,
            "shadowRadius": 0,
          }
        }
        testID="button-container"
      >
        <View
          accessibilityRole="button"
          accessibilityState={
            {
              "busy": undefined,
              "checked": undefined,
              "disabled": false,
              "expanded": undefined,
              "selected": undefined,
            }
          }
          accessibilityValue={
            {
              "max": undefined,
              "min": undefined,
              "now": undefined,
              "text": undefined,
            }
          }
          accessible={true}
          collapsable={false}
          focusable={true}
          onBlur={[Function]}
          onClick={[Function]}
          onFocus={[Function]}
          onResponderGrant={[Function]}
          onResponderMove={[Function]}
          onResponderRelease={[Function]}
          onResponderTerminate={[Function]}
          onResponderTerminationRequest={[Function]}
          onStartShouldSetResponder={[Function]}
          style={
            [
              {
                "overflow": "hidden",
              },
              {
                "borderRadius": 10,
              },
            ]
          }
          testID="button"
        >
          <View
            style={
              [
                {
                  "alignItems": "center",
                  "flexDirection": "row",
                  "justifyContent": "center",
                },
                {
                  "paddingVertical": 10,
                  "width": 350,
                },
              ]
            }
          >
            <Text
              numberOfLines={1}
              selectable={false}
              style={
                [
                  {
                    "textAlign": "left",
                  },
                  {
                    "color": "rgba(28, 27, 31, 1)",
                    "writingDirection": "ltr",
                  },
                  [
                    {
                      "fontFamily": "System",
                      "fontSize": 14,
                      "fontWeight": "500",
                      "letterSpacing": 0.1,
                      "lineHeight": 20,
                    },
                    [
                      {
                        "marginHorizontal": 16,
                        "marginVertical": 9,
                        "textAlign": "center",
                      },
                      false,
                      {
                        "marginHorizontal": 24,
                        "marginVertical": 10,
                      },
                      undefined,
                      false,
                      {
                        "color": "rgba(29, 25, 43, 1)",
                        "fontFamily": "System",
                        "fontSize": 14,
                        "fontWeight": "500",
                        "letterSpacing": 0.1,
                        "lineHeight": 20,
                      },
                      {
                        "fontSize": 18,
                      },
                    ],
                  ],
                ]
              }
              testID="button-text"
            >
              Sign up
            </Text>
          </View>
        </View>
      </View>
    </View>
  </View>
</View>
`;
